// Jest Snapshot v1, https://goo.gl/fbAQLP

exports[`<NewQuizForm /> component rendering should render with given state from Redux store 1`] = `
<section>
  <h1>
    Create a new quiz
  </h1>
  <form
    onSubmit={[Function]}
  >
    <input
      id="quiz-name"
      onChange={[Function]}
      placeholder="Quiz Title"
      value=""
    />
    <select
      id="quiz-topic"
      onChange={[Function]}
      placeholder="Topic"
    >
      <option
        value=""
      >
        Topic
      </option>
      <option
        value="123"
      >
        example topic1
      </option>
    </select>
    <div
      className="actions-container"
    >
      <button
        onClick={[Function]}
      >
        Add a Card
      </button>
      <button>
        Create Quiz
      </button>
    </div>
  </form>
</section>
`;
